// Jest Snapshot v1, https://goo.gl/fbAQLP

exports[`Header render Header Components 1`] = `[Function]`;

exports[`MyRocket render My Rockets Components 1`] = `[Function]`;

exports[`Rockets Check if button works 1`] = `[Function]`;

exports[`Rockets render My Rockets Components 1`] = `[Function]`;
